[20:02:10][INFO][68363] 
start check @lark-project/cli latest version...
[20:02:12][INFO][68363] 
The Lark Project CLI version is the latest
[20:02:12][INFO][68363] 
Current project is v2 framework.
[20:02:12][WARN][68363] 
Can't execute the command as version 2.0, will be treated as version 1.0.
[20:02:12][INFO][68363] 
Current project is v1 framework.
[20:02:12][ERROR][68751] 
/Users/bytedance/project/project/feishu-ai-bridge/frontend/manifest.json: ENOENT: no such file or directory, open '/Users/bytedance/project/project/feishu-ai-bridge/frontend/manifest.json'
[20:02:34][INFO][72609] 
start check @lark-project/cli latest version...
[20:02:35][INFO][72609] 
The Lark Project CLI version is the latest
[20:02:35][INFO][72609] 
Current project is v1 framework.
[20:02:36][WARN][73300] 
no such file: build.config.ts|js
[20:02:36][ERROR][73300] 
No browserslist config found to handle the 'browserslist' target.
See https://github.com/browserslist/browserslist#queries for possible ways to provide a config.
The recommended way is to add a 'browserslist' key to your package.json and list supported browsers (resp. node.js versions).
You can also more options via the 'target' option: 'browserslist' / 'browserslist:env' / 'browserslist:query' / 'browserslist:path-to-config' / 'browserslist:path-to-config:env'
