[00:48:02][INFO][26194] 
start check @lark-project/cli latest version...
[00:48:04][INFO][26194] 
The Lark Project CLI version is the latest
[00:48:04][INFO][26194] 
Current project is v1 framework.
[00:48:04][INFO][27147] 
Root CA MeegleDeveloperPlatform has been trusted.
[00:48:04][WARN][27147] 
no such file: build.config.ts|js
[00:48:53][INFO][45906] 
start check @lark-project/cli latest version...
[00:48:58][INFO][45906] 
The Lark Project CLI version is the latest
[00:48:58][INFO][45906] 
Current project is v1 framework.
[00:48:59][INFO][48532] 
Root CA MeegleDeveloperPlatform has been trusted.
[00:48:59][WARN][48532] 
no such file: build.config.ts|js
[01:00:04][INFO][20754] 
start check @lark-project/cli latest version...
[01:00:10][INFO][20754] 
The Lark Project CLI version is the latest
[01:00:10][INFO][20754] 
Current project is v1 framework.
[01:00:13][INFO][24829] 
Root CA MeegleDeveloperPlatform has been trusted.
[01:00:13][WARN][24829] 
no such file: build.config.ts|js
[01:01:46][INFO][59663] 
start check @lark-project/cli latest version...
[01:01:51][INFO][59663] 
The Lark Project CLI version is the latest
[01:01:51][INFO][59663] 
Current project is v1 framework.
[01:01:54][INFO][63236] 
Root CA MeegleDeveloperPlatform has been trusted.
[01:01:54][WARN][63236] 
no such file: build.config.ts|js
[01:02:08][INFO][67837] 
start check @lark-project/cli latest version...
[01:02:13][INFO][67837] 
The Lark Project CLI version is the latest
[01:02:13][INFO][67837] 
Current project is v1 framework.
[01:02:15][INFO][71253] 
Root CA MeegleDeveloperPlatform has been trusted.
[01:02:15][WARN][71253] 
no such file: build.config.ts|js
[01:07:00][INFO][84504] 
start check @lark-project/cli latest version...
[01:07:06][INFO][84504] 
The Lark Project CLI version is the latest
[01:07:06][INFO][84504] 
Current project is v1 framework.
[01:07:09][INFO][88529] 
Root CA MeegleDeveloperPlatform has been trusted.
[01:07:09][WARN][88529] 
no such file: build.config.ts|js
[01:07:53][INFO][5939] 
start check @lark-project/cli latest version...
[01:07:59][INFO][5939] 
The Lark Project CLI version is the latest
[01:07:59][INFO][5939] 
Current project is v1 framework.
[01:08:01][INFO][10174] 
Root CA MeegleDeveloperPlatform has been trusted.
[01:08:01][WARN][10174] 
no such file: build.config.ts|js
[01:08:40][INFO][25167] 
start check @lark-project/cli latest version...
[01:08:45][INFO][25167] 
The Lark Project CLI version is the latest
[01:08:45][INFO][25167] 
Current project is v1 framework.
[01:08:47][INFO][28932] 
Root CA MeegleDeveloperPlatform has been trusted.
[01:08:47][WARN][28932] 
no such file: build.config.ts|js
[01:09:23][INFO][43478] 
start check @lark-project/cli latest version...
[01:09:28][INFO][43478] 
The Lark Project CLI version is the latest
[01:09:28][INFO][43478] 
Current project is v1 framework.
[01:09:30][INFO][47018] 
Root CA MeegleDeveloperPlatform has been trusted.
[01:09:30][WARN][47018] 
no such file: build.config.ts|js
[01:11:06][INFO][86518] 
start check @lark-project/cli latest version...
[01:11:10][INFO][86518] 
The Lark Project CLI version is the latest
[01:11:10][INFO][86518] 
Current project is v1 framework.
[01:11:13][INFO][90425] 
Root CA MeegleDeveloperPlatform has been trusted.
[01:11:13][WARN][90425] 
no such file: build.config.ts|js
[01:11:43][INFO][3065] 
start check @lark-project/cli latest version...
[01:11:48][INFO][3065] 
The Lark Project CLI version is the latest
[01:11:48][INFO][3065] 
Current project is v1 framework.
[01:11:50][INFO][6961] 
Root CA MeegleDeveloperPlatform has been trusted.
[01:11:50][WARN][6961] 
no such file: build.config.ts|js
[01:12:31][INFO][23568] 
start check @lark-project/cli latest version...
[01:12:36][INFO][23568] 
The Lark Project CLI version is the latest
[01:12:36][INFO][23568] 
Current project is v1 framework.
[01:12:39][INFO][27058] 
Root CA MeegleDeveloperPlatform has been trusted.
